[2026-08-24 16:59:09] [A] ==== Device A started: broker=127.0.0.1:1883  version=1.0.0-A ====
[2026-08-24 16:59:09] [A] Auto-publishing log, fwinfo and status resources...
[2026-08-24 16:59:09] [A] pub_rd: -> PUBLISH to 'registry/A/log' (173 bytes)
[2026-08-24 16:59:09] [A] recv_thread: received PUBACK for packet_id=2013
[2026-08-24 16:59:10] [A] pub_rd: -> PUBLISH to 'registry/A/fwinfo' (24 bytes)
[2026-08-24 16:59:10] [A] recv_thread: received PUBACK for packet_id=2014
[2026-08-24 16:59:10] [A] recv_thread: received PUBACK for packet_id=2015
[2026-08-24 16:59:43] [A] Command: sub_rd B log
[2026-08-24 16:59:43] [A] sub_rd: -> SUBSCRIBE to 'registry/B/log'
[2026-08-24 16:59:43] [A] Saved peer B log to 'A_log/peer_log_B.log' (173 bytes, overwrite)
[2026-08-24 16:59:43] [A] recv_thread: captured pending SUBACK (pkt_id=2016)
[2026-08-24 16:59:43] [A] sub_rd: SUBACK received for 'registry/B/log'
[2026-08-24 16:59:56] [A] Saved peer B log to 'A_log/peer_log_B.log' (46 bytes, append)
[2026-08-24 16:59:56] [A] Saved peer B log to 'A_log/peer_log_B.log' (77 bytes, append)
[2026-08-24 16:59:56] [A] Saved peer B log to 'A_log/peer_log_B.log' (603 bytes, append)
[2026-08-24 17:00:15] [A] Saved peer B log to 'A_log/peer_log_B.log' (51 bytes, append)
[2026-08-24 17:00:15] [A] Saved peer B log to 'A_log/peer_log_B.log' (82 bytes, append)
[2026-08-24 17:01:14] [A] Command: pub_rd firmware
[2026-08-24 17:01:14] [A] pub_rd: -> PUBLISH to 'registry/A/firmware' (268 bytes)
[2026-08-24 17:01:14] [A] recv_thread: received PUBACK for packet_id=2017
[2026-08-24 17:01:24] [A] Saved peer B log to 'A_log/peer_log_B.log' (79 bytes, append)
[2026-08-24 17:01:36] [A] Saved peer B log to 'A_log/peer_log_B.log' (53 bytes, append)
[2026-08-24 17:01:36] [A] Saved peer B log to 'A_log/peer_log_B.log' (72 bytes, append)
[2026-08-24 17:01:37] [A] Saved peer B log to 'A_log/peer_log_B.log' (77 bytes, append)
[2026-08-24 17:07:58] [A] Command: sub_rd B log
[2026-08-24 17:07:58] [A] sub_rd: -> SUBSCRIBE to 'registry/B/log'
[2026-08-24 17:07:58] [A] Saved peer B log to 'A_log/peer_log_B.log' (603 bytes, overwrite)
[2026-08-24 17:07:58] [A] recv_thread: captured pending SUBACK (pkt_id=2018)
[2026-08-24 17:07:58] [A] sub_rd: SUBACK received for 'registry/B/log'
[2026-08-24 17:10:03] [A] ==== Device A finished: version=1.0.0-A ====
